[33m(!) Your Vite config uses features that are unsupported by `configLoader: 'native'`, which is planned to become the default in a future major version of Vite:
  - ESM syntax in a file loaded as CommonJS (vitest.config.ts:1:1). Use a `.mjs` extension or set `"type": "module"` in the closest package.json
Set `VITE_CONFIG_NATIVE_IGNORE_WARNING=true` to suppress this warning.[39m

 RUN  v4.1.11 C:/Users/lorra/projects/zijing-cup/frontend

No test files found, exiting with code 1

filter: app/[season/]/[division/]/teams/
include: **/*.{test,spec}.?(c|m)[jt]s?(x)
exclude:  **/node_modules/**, **/.git/**

